Create an ordered region covering line 192.
Create an ordered region covering lines 188 to 189.
Create an ordered region covering line 204.
Create an ordered region covering lines 200 to 201.
Create an ordered region covering line 227.
Create an ordered region covering line 235.
Create an ordered region covering lines 267 to 268.
Create an ordered region covering line 271.
Create an ordered region covering line 294.
Create an ordered region covering line 317.
Create an ordered region covering line 325.
Create an ordered region covering line 383.
Create an ordered region covering lines 379 to 380.
Create an ordered region covering line 391.
Create an ordered region covering line 414.
Create an ordered region covering line 422.
Create an ordered region covering line 445.
Create an ordered region covering line 453.
Create an ordered region covering line 476.
Create an ordered region covering line 484.
Create an ordered region covering line 492.
Create an ordered region covering line 500.
Create an ordered region covering line 508.
